---
source: crates/rr-core/tests/tags_fixture.rs
expression: "to_snapshot(\"ambient.d.ts\", &facts)"
---
path: ambient.d.ts
status: tags(parse_errors=false)
defs:
  - name: preload
    local_qualified: ~
    kind: function
    visibility: public
    start_line: 1
    end_line: 2
    signature: "declare function preload(name: string): void;"
    signature_idents:
      - declare
      - function
      - name
      - string
      - void
    body_idents: []
    doc_idents:
      - Loads
      - a
      - transport
      - before
      - anything
      - asks
      - for
      - one
    attribute_idents: []
  - name: Runtime
    local_qualified: ~
    kind: class
    visibility: public
    start_line: 4
    end_line: 8
    signature: "declare class Runtime {"
    signature_idents:
      - declare
      - class
    body_idents: []
    doc_idents:
      - A
      - handle
      - the
      - runtime
      - hands
      - back
    attribute_idents: []
  - name: version
    local_qualified: Runtime.version
    kind: field
    visibility: public
    start_line: 6
    end_line: 6
    signature: "readonly version: string"
    signature_idents:
      - readonly
      - string
    body_idents: []
    doc_idents: []
    attribute_idents: []
  - name: stop
    local_qualified: Runtime.stop
    kind: method
    visibility: public
    start_line: 7
    end_line: 7
    signature: "stop(): void"
    signature_idents:
      - void
    body_idents: []
    doc_idents: []
    attribute_idents: []
  - name: Bound
    local_qualified: ~
    kind: class
    visibility: public
    start_line: 10
    end_line: 12
    signature: "declare abstract class Bound {"
    signature_idents:
      - declare
      - abstract
      - class
    body_idents: []
    doc_idents: []
    attribute_idents: []
  - name: release
    local_qualified: Bound.release
    kind: method
    visibility: public
    start_line: 11
    end_line: 11
    signature: "abstract release(): void"
    signature_idents:
      - abstract
      - void
    body_idents: []
    doc_idents: []
    attribute_idents: []
  - name: HostEnv
    local_qualified: ~
    kind: interface
    visibility: public
    start_line: 14
    end_line: 17
    signature: "declare interface HostEnv {"
    signature_idents:
      - declare
      - interface
    body_idents: []
    doc_idents:
      - What
      - the
      - host
      - promises
      - to
      - pass
      - in
    attribute_idents: []
  - name: cwd
    local_qualified: HostEnv.cwd
    kind: field
    visibility: public
    start_line: 16
    end_line: 16
    signature: "readonly cwd: string"
    signature_idents:
      - readonly
      - string
    body_idents: []
    doc_idents: []
    attribute_idents: []
  - name: Level
    local_qualified: ~
    kind: enum
    visibility: public
    start_line: 19
    end_line: 22
    signature: "declare enum Level {"
    signature_idents:
      - declare
      - enum
    body_idents: []
    doc_idents: []
    attribute_idents: []
  - name: Quiet
    local_qualified: Level.Quiet
    kind: field
    visibility: public
    start_line: 20
    end_line: 20
    signature: Quiet
    signature_idents: []
    body_idents: []
    doc_idents: []
    attribute_idents: []
  - name: Loud
    local_qualified: Level.Loud
    kind: field
    visibility: public
    start_line: 21
    end_line: 21
    signature: Loud
    signature_idents: []
    body_idents: []
    doc_idents: []
    attribute_idents: []
  - name: Handler
    local_qualified: ~
    kind: type-alias
    visibility: public
    start_line: 24
    end_line: 24
    signature: "declare type Handler = (event: string) => void;"
    signature_idents:
      - declare
      - type
      - event
      - string
      - void
    body_idents: []
    doc_idents: []
    attribute_idents: []
  - name: Runtime
    local_qualified: ~
    kind: namespace
    visibility: public
    start_line: 26
    end_line: 28
    signature: "declare namespace Runtime {"
    signature_idents:
      - declare
      - namespace
    body_idents:
      - const
    doc_idents: []
    attribute_idents: []
  - name: version
    local_qualified: Runtime.version
    kind: variable
    visibility: private
    start_line: 27
    end_line: 27
    signature: "version: string"
    signature_idents:
      - string
    body_idents: []
    doc_idents: []
    attribute_idents: []
  - name: start
    local_qualified: ~
    kind: function
    visibility: public
    start_line: 30
    end_line: 31
    signature: "export declare function start(env: HostEnv): Runtime;"
    signature_idents:
      - export
      - declare
      - function
      - env
      - HostEnv
      - Runtime
    body_idents: []
    doc_idents:
      - The
      - one
      - entry
      - point
      - this
      - module
      - exports
    attribute_idents: []
  - name: Session
    local_qualified: ~
    kind: class
    visibility: public
    start_line: 33
    end_line: 36
    signature: "export declare class Session {"
    signature_idents:
      - export
      - declare
      - class
    body_idents: []
    doc_idents: []
    attribute_idents: []
  - name: token
    local_qualified: Session.token
    kind: field
    visibility: private
    start_line: 34
    end_line: 34
    signature: "private token: string"
    signature_idents:
      - private
      - string
    body_idents: []
    doc_idents: []
    attribute_idents: []
  - name: close
    local_qualified: Session.close
    kind: method
    visibility: public
    start_line: 35
    end_line: 35
    signature: "close(): void"
    signature_idents:
      - void
    body_idents: []
    doc_idents: []
    attribute_idents: []
  - name: DEFAULT_LEVEL
    local_qualified: ~
    kind: variable
    visibility: public
    start_line: 38
    end_line: 38
    signature: "DEFAULT_LEVEL: Level"
    signature_idents:
      - Level
    body_idents: []
    doc_idents: []
    attribute_idents: []
  - name: Session
    local_qualified: ~
    kind: namespace
    visibility: public
    start_line: 40
    end_line: 42
    signature: "export declare namespace Session {"
    signature_idents:
      - export
      - declare
      - namespace
    body_idents:
      - const
    doc_idents: []
    attribute_idents: []
  - name: active
    local_qualified: Session.active
    kind: variable
    visibility: private
    start_line: 41
    end_line: 41
    signature: "active: number"
    signature_idents:
      - number
    body_idents: []
    doc_idents: []
    attribute_idents: []
references: []
imports: []
