---
source: crates/rr-core/tests/tags_fixture.rs
expression: "to_snapshot(\"surface.java\", &facts)"
---
path: surface.java
status: tags(parse_errors=false)
defs:
  - name: Service
    local_qualified: ~
    kind: class
    visibility: public
    start_line: 3
    end_line: 21
    signature: "public class Service implements Runner {"
    signature_idents:
      - public
      - class
      - implements
      - Runner
    body_idents:
      - private
      - int
      - secret
      - int
      - packageField
      - protected
      - int
      - inherited
      - public
      - static
      - final
      - int
      - MAX
    doc_idents: []
    attribute_idents: []
  - name: Service
    local_qualified: Service.Service
    kind: constructor
    visibility: public
    start_line: 9
    end_line: 9
    signature: "public Service(String name) {}"
    signature_idents:
      - public
      - String
      - name
    body_idents: []
    doc_idents: []
    attribute_idents: []
  - name: run
    local_qualified: Service.run
    kind: method
    visibility: public
    start_line: 11
    end_line: 13
    signature: "public void run() {"
    signature_idents:
      - public
      - void
    body_idents:
      - helper
    doc_idents: []
    attribute_idents: []
  - name: hidden
    local_qualified: Service.hidden
    kind: method
    visibility: private
    start_line: 15
    end_line: 15
    signature: "private void hidden() {}"
    signature_idents:
      - private
      - void
    body_idents: []
    doc_idents: []
    attribute_idents: []
  - name: packageRun
    local_qualified: Service.packageRun
    kind: method
    visibility: package
    start_line: 17
    end_line: 17
    signature: "void packageRun() {}"
    signature_idents:
      - void
    body_idents: []
    doc_idents: []
    attribute_idents: []
  - name: aTest
    local_qualified: Service.aTest
    kind: method
    visibility: public
    start_line: 19
    end_line: 20
    signature: "public void aTest() {}"
    signature_idents:
      - public
      - void
    body_idents: []
    doc_idents: []
    attribute_idents:
      - Test
  - name: Runner
    local_qualified: ~
    kind: interface
    visibility: package
    start_line: 23
    end_line: 25
    signature: "interface Runner {"
    signature_idents:
      - interface
    body_idents: []
    doc_idents: []
    attribute_idents: []
  - name: run
    local_qualified: Runner.run
    kind: method
    visibility: public
    start_line: 24
    end_line: 24
    signature: void run();
    signature_idents:
      - void
    body_idents: []
    doc_idents: []
    attribute_idents: []
  - name: Mode
    local_qualified: ~
    kind: enum
    visibility: package
    start_line: 27
    end_line: 30
    signature: "enum Mode {"
    signature_idents:
      - enum
    body_idents:
      - FAST
      - SLOW
    doc_idents: []
    attribute_idents: []
  - name: Point
    local_qualified: ~
    kind: struct
    visibility: public
    start_line: 32
    end_line: 32
    signature: "public record Point(int x, int y) {}"
    signature_idents:
      - public
      - record
      - int
      - x
      - int
      - y
    body_idents: []
    doc_idents: []
    attribute_idents: []
references:
  - name: Runner
    kind: implementation
    line: 3
    owner: Service
  - name: helper
    kind: call
    line: 12
    owner: run
imports: []
