---
source: crates/rr-core/tests/tags_fixture.rs
expression: "to_snapshot(\"surface.py\", &facts)"
---
path: surface.py
status: tags(parse_errors=false)
defs:
  - name: MODULE_VALUE
    local_qualified: ~
    kind: variable
    visibility: public
    start_line: 3
    end_line: 3
    signature: MODULE_VALUE = 1
    signature_idents: []
    body_idents: []
    doc_idents: []
    attribute_idents: []
  - name: Service
    local_qualified: ~
    kind: class
    visibility: public
    start_line: 5
    end_line: 17
    signature: "class Service:"
    signature_idents:
      - class
    body_idents:
      - class_value
    doc_idents:
      - Service
      - documentation
      - mentions
      - helper
      - and
      - result
    attribute_idents: []
  - name: run
    local_qualified: Service.run
    kind: function
    visibility: public
    start_line: 10
    end_line: 17
    signature: "def run(value):"
    signature_idents:
      - def
      - value
    body_idents:
      - result
      - helper
      - value
      - return
      - result
    doc_idents: []
    attribute_idents:
      - staticmethod
  - name: nested
    local_qualified: Service.run.nested
    kind: function
    visibility: public
    start_line: 14
    end_line: 15
    signature: "def nested():"
    signature_idents:
      - def
    body_idents:
      - return
      - hidden
    doc_idents: []
    attribute_idents: []
  - name: top
    local_qualified: ~
    kind: function
    visibility: public
    start_line: 20
    end_line: 21
    signature: "def top(value):"
    signature_idents:
      - def
      - value
    body_idents:
      - return
      - helper
      - value
    doc_idents: []
    attribute_idents: []
references:
  - name: helper
    line: 12
    owner: run
  - name: hidden
    line: 15
    owner: nested
  - name: helper
    line: 21
    owner: top
imports: []
