---
source: crates/rr-core/tests/tags_fixture.rs
expression: "to_snapshot(\"recovered.ts\", &facts)"
---
path: recovered.ts
status: tags(parse_errors=true)
defs:
  - name: before
    local_qualified: ~
    kind: function
    visibility: public
    start_line: 1
    end_line: 3
    signature: "export function before(value: string): string {"
    signature_idents:
      - export
      - function
      - value
      - string
      - string
    body_idents:
      - return
      - value
    doc_idents: []
    attribute_idents: []
  - name: broken
    local_qualified: ~
    kind: function
    visibility: public
    start_line: 5
    end_line: 7
    signature: "export function broken(: string {"
    signature_idents:
      - export
      - function
      - string
    body_idents:
      - return
      - missing
    doc_idents: []
    attribute_idents: []
  - name: After
    local_qualified: ~
    kind: class
    visibility: public
    start_line: 9
    end_line: 13
    signature: "export class After {"
    signature_idents:
      - export
      - class
    body_idents: []
    doc_idents: []
    attribute_idents: []
  - name: run
    local_qualified: After.run
    kind: method
    visibility: public
    start_line: 10
    end_line: 12
    signature: "run(value: string): string {"
    signature_idents:
      - value
      - string
      - string
    body_idents:
      - return
      - helper
      - value
    doc_idents: []
    attribute_idents: []
references:
  - name: missing
    line: 6
    owner: broken
  - name: helper
    line: 11
    owner: run
